// Jest Snapshot v1, https://goo.gl/fbAQLP

exports[`App renders app that matches snapshot 1`] = `
<div
  className="App"
>
  <body>
    <div
      className="sc-bcXHqe gkJjOJ"
    >
      <a
        href="https://www.jacobblackfly.com"
        id="jacobblackfly"
      >
        jacob blackfly
      </a>
      <div
        className="sc-gswNZR cEnbaZ"
      >
        <button
          className="px-4 py-2 rounded-lg transition-all duration-300 text-white bg-blue-600 hover:bg-blue-600"
          onClick={[Function]}
        >
          Home
        </button>
        <button
          className="px-4 py-2 rounded-lg transition-all duration-300 text-white bg-slate-500 hover:bg-blue-700"
          onClick={[Function]}
        >
          Videos
        </button>
        <button
          className="px-4 py-2 rounded-lg transition-all duration-300 text-white bg-slate-500 hover:bg-blue-700"
          onClick={[Function]}
        >
          About
        </button>
      </div>
      <div
        className="sc-bcXHqe gkJjOJ"
      >
        <div
          className="sc-eDvSVe fBBjVj"
        >
          Listen to my EP "Searching"
        </div>
        <div>
          <img
            alt="Man looking into the camera on a pier"
            src="searching-ep-coverphoto.jpeg"
            width="300"
          />
        </div>
        <div
          className="sc-hLBbgP dgmzqa"
        >
          <div
            className="sc-gswNZR cEnbaZ"
          >
            <a
              className="zoom"
              href="https://open.spotify.com/album/54cMaJgpXMyU6zY72I9PYP"
              id="spotify"
            >
              ep_spotify
            </a>
            <a
              className="zoom"
              href="https://youtube.com/playlist?list=OLAK5uy_mM89XmzCk4Wh1qW5YGY4-fC_NoBoq0q3M"
              id="youtube"
            >
              ep_youtube
            </a>
            <a
              className="zoom"
              href="https://music.apple.com/us/album/searching-ep/1822209020"
              id="apple_music"
            >
              ep_apple
            </a>
            <a
              className="zoom"
              href="https://amazon.co.uk/music/player/albums/B0FF56SNZ6"
              id="amazon_music"
            >
              ep_amazon
            </a>
          </div>
        </div>
      </div>
      <div
        className="sc-eDvSVe fBBjVj"
      >
        Follow me
      </div>
      <div
        className="sc-hLBbgP dgmzqa"
      >
        <div
          className="sc-gswNZR cEnbaZ"
        >
          <a
            className="zoom"
            href="https://www.instagram.com/jacobblackfly/"
            id="instagram"
          >
            instagram_link
          </a>
          <a
            className="zoom"
            href="https://www.facebook.com/jacobbblackfly/"
            id="facebook"
          >
            facebook_link
          </a>
        </div>
      </div>
      <div
        className="sc-eDvSVe fBBjVj"
      >
        Thanks for visiting my page and have a great day! :)
      </div>
    </div>
  </body>
</div>
`;
